
Allocating common symbols
Common symbol       size              file

TimingDelay         0x4               ..\obj\Delay.o
RCC_Clocks          0x14              ..\obj\system.o

Discarded input sections

 .text          0x00000000        0x0 ..\obj\stm32f10x_tim.o
 .data          0x00000000        0x0 ..\obj\stm32f10x_tim.o
 .bss           0x00000000        0x0 ..\obj\stm32f10x_tim.o
 .text.TIM_DeInit
                0x00000000      0x2b0 ..\obj\stm32f10x_tim.o
 .text.TIM_TimeBaseInit
                0x00000000      0x11c ..\obj\stm32f10x_tim.o
 .text.TIM_OC1Init
                0x00000000      0x128 ..\obj\stm32f10x_tim.o
 .text.TIM_OC2Init
                0x00000000      0x128 ..\obj\stm32f10x_tim.o
 .text.TIM_OC3Init
                0x00000000      0x120 ..\obj\stm32f10x_tim.o
 .text.TIM_OC4Init
                0x00000000       0xe0 ..\obj\stm32f10x_tim.o
 .text.TIM_ICInit
                0x00000000       0xa8 ..\obj\stm32f10x_tim.o
 .text.TIM_PWMIConfig
                0x00000000       0xc4 ..\obj\stm32f10x_tim.o
 .text.TIM_BDTRConfig
                0x00000000       0x50 ..\obj\stm32f10x_tim.o
 .text.TIM_TimeBaseStructInit
                0x00000000       0x3c ..\obj\stm32f10x_tim.o
 .text.TIM_OCStructInit
                0x00000000       0x54 ..\obj\stm32f10x_tim.o
 .text.TIM_ICStructInit
                0x00000000       0x3c ..\obj\stm32f10x_tim.o
 .text.TIM_BDTRStructInit
                0x00000000       0x4c ..\obj\stm32f10x_tim.o
 .text.TIM_Cmd  0x00000000       0x40 ..\obj\stm32f10x_tim.o
 .text.TIM_CtrlPWMOutputs
                0x00000000       0x50 ..\obj\stm32f10x_tim.o
 .text.TIM_ITConfig
                0x00000000       0x48 ..\obj\stm32f10x_tim.o
 .text.TIM_GenerateEvent
                0x00000000       0x1c ..\obj\stm32f10x_tim.o
 .text.TIM_DMAConfig
                0x00000000       0x28 ..\obj\stm32f10x_tim.o
 .text.TIM_DMACmd
                0x00000000       0x48 ..\obj\stm32f10x_tim.o
 .text.TIM_InternalClockConfig
                0x00000000       0x24 ..\obj\stm32f10x_tim.o
 .text.TIM_ITRxExternalClockConfig
                0x00000000       0x30 ..\obj\stm32f10x_tim.o
 .text.TIM_TIxExternalClockConfig
                0x00000000       0x58 ..\obj\stm32f10x_tim.o
 .text.TIM_ETRClockMode1Config
                0x00000000       0x54 ..\obj\stm32f10x_tim.o
 .text.TIM_ETRClockMode2Config
                0x00000000       0x34 ..\obj\stm32f10x_tim.o
 .text.TIM_ETRConfig
                0x00000000       0x4c ..\obj\stm32f10x_tim.o
 .text.TIM_PrescalerConfig
                0x00000000       0x28 ..\obj\stm32f10x_tim.o
 .text.TIM_CounterModeConfig
                0x00000000       0x38 ..\obj\stm32f10x_tim.o
 .text.TIM_SelectInputTrigger
                0x00000000       0x38 ..\obj\stm32f10x_tim.o
 .text.TIM_EncoderInterfaceConfig
                0x00000000       0x94 ..\obj\stm32f10x_tim.o
 .text.TIM_ForcedOC1Config
                0x00000000       0x38 ..\obj\stm32f10x_tim.o
 .text.TIM_ForcedOC2Config
                0x00000000       0x40 ..\obj\stm32f10x_tim.o
 .text.TIM_ForcedOC3Config
                0x00000000       0x38 ..\obj\stm32f10x_tim.o
 .text.TIM_ForcedOC4Config
                0x00000000       0x40 ..\obj\stm32f10x_tim.o
 .text.TIM_ARRPreloadConfig
                0x00000000       0x40 ..\obj\stm32f10x_tim.o
 .text.TIM_SelectCOM
                0x00000000       0x40 ..\obj\stm32f10x_tim.o
 .text.TIM_SelectCCDMA
                0x00000000       0x40 ..\obj\stm32f10x_tim.o
 .text.TIM_CCPreloadControl
                0x00000000       0x40 ..\obj\stm32f10x_tim.o
 .text.TIM_OC1PreloadConfig
                0x00000000       0x38 ..\obj\stm32f10x_tim.o
 .text.TIM_OC2PreloadConfig
                0x00000000       0x40 ..\obj\stm32f10x_tim.o
 .text.TIM_OC3PreloadConfig
                0x00000000       0x38 ..\obj\stm32f10x_tim.o
 .text.TIM_OC4PreloadConfig
                0x00000000       0x40 ..\obj\stm32f10x_tim.o
 .text.TIM_OC1FastConfig
                0x00000000       0x38 ..\obj\stm32f10x_tim.o
 .text.TIM_OC2FastConfig
                0x00000000       0x40 ..\obj\stm32f10x_tim.o
 .text.TIM_OC3FastConfig
                0x00000000       0x38 ..\obj\stm32f10x_tim.o
 .text.TIM_OC4FastConfig
                0x00000000       0x40 ..\obj\stm32f10x_tim.o
 .text.TIM_ClearOC1Ref
                0x00000000       0x38 ..\obj\stm32f10x_tim.o
 .text.TIM_ClearOC2Ref
                0x00000000       0x44 ..\obj\stm32f10x_tim.o
 .text.TIM_ClearOC3Ref
                0x00000000       0x38 ..\obj\stm32f10x_tim.o
 .text.TIM_ClearOC4Ref
                0x00000000       0x44 ..\obj\stm32f10x_tim.o
 .text.TIM_OC1PolarityConfig
                0x00000000       0x38 ..\obj\stm32f10x_tim.o
 .text.TIM_OC1NPolarityConfig
                0x00000000       0x38 ..\obj\stm32f10x_tim.o
 .text.TIM_OC2PolarityConfig
                0x00000000       0x40 ..\obj\stm32f10x_tim.o
 .text.TIM_OC2NPolarityConfig
                0x00000000       0x40 ..\obj\stm32f10x_tim.o
 .text.TIM_OC3PolarityConfig
                0x00000000       0x40 ..\obj\stm32f10x_tim.o
 .text.TIM_OC3NPolarityConfig
                0x00000000       0x40 ..\obj\stm32f10x_tim.o
 .text.TIM_OC4PolarityConfig
                0x00000000       0x40 ..\obj\stm32f10x_tim.o
 .text.TIM_CCxCmd
                0x00000000       0x5c ..\obj\stm32f10x_tim.o
 .text.TIM_CCxNCmd
                0x00000000       0x5c ..\obj\stm32f10x_tim.o
 .text.TIM_SelectOCxM
                0x00000000       0xbc ..\obj\stm32f10x_tim.o
 .text.TIM_UpdateDisableConfig
                0x00000000       0x40 ..\obj\stm32f10x_tim.o
 .text.TIM_UpdateRequestConfig
                0x00000000       0x40 ..\obj\stm32f10x_tim.o
 .text.TIM_SelectHallSensor
                0x00000000       0x40 ..\obj\stm32f10x_tim.o
 .text.TIM_SelectOnePulseMode
                0x00000000       0x38 ..\obj\stm32f10x_tim.o
 .text.TIM_SelectOutputTrigger
                0x00000000       0x38 ..\obj\stm32f10x_tim.o
 .text.TIM_SelectSlaveMode
                0x00000000       0x38 ..\obj\stm32f10x_tim.o
 .text.TIM_SelectMasterSlaveMode
                0x00000000       0x38 ..\obj\stm32f10x_tim.o
 .text.TIM_SetCounter
                0x00000000       0x1c ..\obj\stm32f10x_tim.o
 .text.TIM_SetAutoreload
                0x00000000       0x1c ..\obj\stm32f10x_tim.o
 .text.TIM_SetCompare1
                0x00000000       0x1c ..\obj\stm32f10x_tim.o
 .text.TIM_SetCompare2
                0x00000000       0x1c ..\obj\stm32f10x_tim.o
 .text.TIM_SetCompare3
                0x00000000       0x1c ..\obj\stm32f10x_tim.o
 .text.TIM_SetCompare4
                0x00000000       0x20 ..\obj\stm32f10x_tim.o
 .text.TIM_SetIC1Prescaler
                0x00000000       0x38 ..\obj\stm32f10x_tim.o
 .text.TIM_SetIC2Prescaler
                0x00000000       0x3c ..\obj\stm32f10x_tim.o
 .text.TIM_SetIC3Prescaler
                0x00000000       0x38 ..\obj\stm32f10x_tim.o
 .text.TIM_SetIC4Prescaler
                0x00000000       0x3c ..\obj\stm32f10x_tim.o
 .text.TIM_SetClockDivision
                0x00000000       0x38 ..\obj\stm32f10x_tim.o
 .text.TIM_GetCapture1
                0x00000000       0x1c ..\obj\stm32f10x_tim.o
 .text.TIM_GetCapture2
                0x00000000       0x1c ..\obj\stm32f10x_tim.o
 .text.TIM_GetCapture3
                0x00000000       0x1c ..\obj\stm32f10x_tim.o
 .text.TIM_GetCapture4
                0x00000000       0x1c ..\obj\stm32f10x_tim.o
 .text.TIM_GetCounter
                0x00000000       0x1c ..\obj\stm32f10x_tim.o
 .text.TIM_GetPrescaler
                0x00000000       0x1c ..\obj\stm32f10x_tim.o
 .text.TIM_GetFlagStatus
                0x00000000       0x40 ..\obj\stm32f10x_tim.o
 .text.TIM_ClearFlag
                0x00000000       0x24 ..\obj\stm32f10x_tim.o
 .text.TI1_Config
                0x00000000       0xe4 ..\obj\stm32f10x_tim.o
 .text.TI2_Config
                0x00000000      0x104 ..\obj\stm32f10x_tim.o
 .text.TI3_Config
                0x00000000       0xf4 ..\obj\stm32f10x_tim.o
 .text.TI4_Config
                0x00000000      0x10c ..\obj\stm32f10x_tim.o
 .text          0x00000000        0x0 ..\obj\startup_stm32f10x_md_vl.o
 .data          0x00000000        0x0 ..\obj\startup_stm32f10x_md_vl.o
 .bss           0x00000000        0x0 ..\obj\startup_stm32f10x_md_vl.o
 .text          0x00000000        0x0 ..\obj\system_stm32f10x.o
 .data          0x00000000       0x14 ..\obj\system_stm32f10x.o
 .bss           0x00000000        0x0 ..\obj\system_stm32f10x.o
 .text.SystemCoreClockUpdate
                0x00000000      0x13c ..\obj\system_stm32f10x.o
 .text          0x00000000        0x0 ..\obj\stm32f10x_gpio.o
 .data          0x00000000        0x0 ..\obj\stm32f10x_gpio.o
 .bss           0x00000000        0x0 ..\obj\stm32f10x_gpio.o
 .text.GPIO_DeInit
                0x00000000      0x128 ..\obj\stm32f10x_gpio.o
 .text.GPIO_AFIODeInit
                0x00000000       0x20 ..\obj\stm32f10x_gpio.o
 .text.GPIO_StructInit
                0x00000000       0x2c ..\obj\stm32f10x_gpio.o
 .text.GPIO_ReadInputDataBit
                0x00000000       0x3c ..\obj\stm32f10x_gpio.o
 .text.GPIO_ReadInputData
                0x00000000       0x1c ..\obj\stm32f10x_gpio.o
 .text.GPIO_ReadOutputDataBit
                0x00000000       0x3c ..\obj\stm32f10x_gpio.o
 .text.GPIO_ReadOutputData
                0x00000000       0x1c ..\obj\stm32f10x_gpio.o
 .text.GPIO_WriteBit
                0x00000000       0x30 ..\obj\stm32f10x_gpio.o
 .text.GPIO_Write
                0x00000000       0x1c ..\obj\stm32f10x_gpio.o
 .text.GPIO_PinLockConfig
                0x00000000       0x44 ..\obj\stm32f10x_gpio.o
 .text.GPIO_EventOutputConfig
                0x00000000       0x54 ..\obj\stm32f10x_gpio.o
 .text.GPIO_EventOutputCmd
                0x00000000       0x20 ..\obj\stm32f10x_gpio.o
 .text.GPIO_PinRemapConfig
                0x00000000      0x120 ..\obj\stm32f10x_gpio.o
 .text.GPIO_EXTILineConfig
                0x00000000       0xb0 ..\obj\stm32f10x_gpio.o
 .text.GPIO_ETH_MediaInterfaceConfig
                0x00000000       0x20 ..\obj\stm32f10x_gpio.o
 .text          0x00000000        0x0 ..\obj\main.o
 .data          0x00000000        0x0 ..\obj\main.o
 .bss           0x00000000        0x0 ..\obj\main.o
 .text          0x00000000        0x0 ..\obj\system.o
 .data          0x00000000        0x0 ..\obj\system.o
 .bss           0x00000000        0x0 ..\obj\system.o
 .text.TimerInit
                0x00000000        0xc ..\obj\system.o
 .text          0x00000000        0x0 ..\obj\Delay.o
 .data          0x00000000        0x0 ..\obj\Delay.o
 .text.Delay_us
                0x00000000       0x50 ..\obj\Delay.o
 .text.Millis   0x00000000       0x18 ..\obj\Delay.o
 .text.Delay_usTimerInit
                0x00000000       0x78 ..\obj\Delay.o
 .text          0x00000000        0x0 ..\obj\stm32f10x_rcc.o
 .bss           0x00000000        0x0 ..\obj\stm32f10x_rcc.o
 .text.RCC_DeInit
                0x00000000       0xa8 ..\obj\stm32f10x_rcc.o
 .text.RCC_AdjustHSICalibrationValue
                0x00000000       0x48 ..\obj\stm32f10x_rcc.o
 .text.RCC_HSICmd
                0x00000000       0x20 ..\obj\stm32f10x_rcc.o
 .text.RCC_PREDIV1Config
                0x00000000       0x4c ..\obj\stm32f10x_rcc.o
 .text.RCC_ITConfig
                0x00000000       0x60 ..\obj\stm32f10x_rcc.o
 .text.RCC_USBCLKConfig
                0x00000000       0x20 ..\obj\stm32f10x_rcc.o
 .text.RCC_ADCCLKConfig
                0x00000000       0x40 ..\obj\stm32f10x_rcc.o
 .text.RCC_LSEConfig
                0x00000000       0x60 ..\obj\stm32f10x_rcc.o
 .text.RCC_LSICmd
                0x00000000       0x20 ..\obj\stm32f10x_rcc.o
 .text.RCC_RTCCLKConfig
                0x00000000       0x2c ..\obj\stm32f10x_rcc.o
 .text.RCC_RTCCLKCmd
                0x00000000       0x20 ..\obj\stm32f10x_rcc.o
 .text.RCC_AHBPeriphClockCmd
                0x00000000       0x54 ..\obj\stm32f10x_rcc.o
 .text.RCC_APB1PeriphClockCmd
                0x00000000       0x54 ..\obj\stm32f10x_rcc.o
 .text.RCC_APB2PeriphResetCmd
                0x00000000       0x54 ..\obj\stm32f10x_rcc.o
 .text.RCC_APB1PeriphResetCmd
                0x00000000       0x54 ..\obj\stm32f10x_rcc.o
 .text.RCC_BackupResetCmd
                0x00000000       0x20 ..\obj\stm32f10x_rcc.o
 .text.RCC_ClockSecuritySystemCmd
                0x00000000       0x20 ..\obj\stm32f10x_rcc.o
 .text.RCC_MCOConfig
                0x00000000       0x20 ..\obj\stm32f10x_rcc.o
 .text.RCC_ClearFlag
                0x00000000       0x24 ..\obj\stm32f10x_rcc.o
 .text.RCC_GetITStatus
                0x00000000       0x40 ..\obj\stm32f10x_rcc.o
 .text.RCC_ClearITPendingBit
                0x00000000       0x20 ..\obj\stm32f10x_rcc.o
 .text          0x00000000        0x0 ..\obj\stm32f10x_exti.o
 .data          0x00000000        0x0 ..\obj\stm32f10x_exti.o
 .bss           0x00000000        0x0 ..\obj\stm32f10x_exti.o
 .text.EXTI_DeInit
                0x00000000       0x54 ..\obj\stm32f10x_exti.o
 .text.EXTI_Init
                0x00000000      0x138 ..\obj\stm32f10x_exti.o
 .text.EXTI_StructInit
                0x00000000       0x34 ..\obj\stm32f10x_exti.o
 .text.EXTI_GenerateSWInterrupt
                0x00000000       0x2c ..\obj\stm32f10x_exti.o
 .text.EXTI_GetFlagStatus
                0x00000000       0x3c ..\obj\stm32f10x_exti.o
 .text.EXTI_ClearFlag
                0x00000000       0x20 ..\obj\stm32f10x_exti.o
 .text.EXTI_GetITStatus
                0x00000000       0x58 ..\obj\stm32f10x_exti.o
 .text.EXTI_ClearITPendingBit
                0x00000000       0x20 ..\obj\stm32f10x_exti.o
 .debug_info    0x00000000      0x36d ..\obj\stm32f10x_exti.o
 .debug_abbrev  0x00000000      0x153 ..\obj\stm32f10x_exti.o
 .debug_loc     0x00000000      0x1b4 ..\obj\stm32f10x_exti.o
 .debug_aranges
                0x00000000       0x58 ..\obj\stm32f10x_exti.o
 .debug_ranges  0x00000000       0x48 ..\obj\stm32f10x_exti.o
 .debug_line    0x00000000      0x231 ..\obj\stm32f10x_exti.o
 .debug_str     0x00000000      0x2dd ..\obj\stm32f10x_exti.o
 .comment       0x00000000       0x6b ..\obj\stm32f10x_exti.o
 .ARM.attributes
                0x00000000       0x33 ..\obj\stm32f10x_exti.o
 .debug_frame   0x00000000       0xec ..\obj\stm32f10x_exti.o
 .text          0x00000000        0x0 ..\obj\syscalls.o
 .data          0x00000000        0x0 ..\obj\syscalls.o
 .bss           0x00000000        0x4 ..\obj\syscalls.o
 .text._sbrk    0x00000000       0x5c ..\obj\syscalls.o
 .text.link     0x00000000       0x1c ..\obj\syscalls.o
 .text._close   0x00000000       0x18 ..\obj\syscalls.o
 .text._fstat   0x00000000       0x24 ..\obj\syscalls.o
 .text._isatty  0x00000000       0x18 ..\obj\syscalls.o
 .text._lseek   0x00000000       0x1c ..\obj\syscalls.o
 .text._read    0x00000000       0x1c ..\obj\syscalls.o
 .text._write   0x00000000       0x1c ..\obj\syscalls.o
 .text.abort    0x00000000        0x8 ..\obj\syscalls.o
 .debug_info    0x00000000      0x443 ..\obj\syscalls.o
 .debug_abbrev  0x00000000       0xe4 ..\obj\syscalls.o
 .debug_loc     0x00000000      0x1ec ..\obj\syscalls.o
 .debug_aranges
                0x00000000       0x60 ..\obj\syscalls.o
 .debug_ranges  0x00000000       0x50 ..\obj\syscalls.o
 .debug_line    0x00000000      0x183 ..\obj\syscalls.o
 .debug_str     0x00000000      0x267 ..\obj\syscalls.o
 .comment       0x00000000       0x6b ..\obj\syscalls.o
 .ARM.attributes
                0x00000000       0x33 ..\obj\syscalls.o
 .debug_frame   0x00000000      0x108 ..\obj\syscalls.o
 .text          0x00000000        0x0 ..\obj\stm32f10x_flash.o
 .data          0x00000000        0x0 ..\obj\stm32f10x_flash.o
 .bss           0x00000000        0x0 ..\obj\stm32f10x_flash.o
 .text.FLASH_HalfCycleAccessCmd
                0x00000000       0x44 ..\obj\stm32f10x_flash.o
 .text.FLASH_Unlock
                0x00000000       0x30 ..\obj\stm32f10x_flash.o
 .text.FLASH_UnlockBank1
                0x00000000       0x30 ..\obj\stm32f10x_flash.o
 .text.FLASH_Lock
                0x00000000       0x24 ..\obj\stm32f10x_flash.o
 .text.FLASH_LockBank1
                0x00000000       0x24 ..\obj\stm32f10x_flash.o
 .text.FLASH_ErasePage
                0x00000000       0x90 ..\obj\stm32f10x_flash.o
 .text.FLASH_EraseAllPages
                0x00000000       0x80 ..\obj\stm32f10x_flash.o
 .text.FLASH_EraseAllBank1Pages
                0x00000000       0x80 ..\obj\stm32f10x_flash.o
 .text.FLASH_EraseOptionBytes
                0x00000000      0x134 ..\obj\stm32f10x_flash.o
 .text.FLASH_ProgramWord
                0x00000000       0xbc ..\obj\stm32f10x_flash.o
 .text.FLASH_ProgramHalfWord
                0x00000000       0x74 ..\obj\stm32f10x_flash.o
 .text.FLASH_ProgramOptionByteData
                0x00000000       0xa0 ..\obj\stm32f10x_flash.o
 .text.FLASH_EnableWriteProtection
                0x00000000      0x15c ..\obj\stm32f10x_flash.o
 .text.FLASH_ReadOutProtection
                0x00000000      0x13c ..\obj\stm32f10x_flash.o
 .text.FLASH_UserOptionByteConfig
                0x00000000       0xbc ..\obj\stm32f10x_flash.o
 .text.FLASH_GetUserOptionByte
                0x00000000       0x1c ..\obj\stm32f10x_flash.o
 .text.FLASH_GetWriteProtectionOptionByte
                0x00000000       0x18 ..\obj\stm32f10x_flash.o
 .text.FLASH_GetReadOutProtectionStatus
                0x00000000       0x3c ..\obj\stm32f10x_flash.o
 .text.FLASH_GetPrefetchBufferStatus
                0x00000000       0x3c ..\obj\stm32f10x_flash.o
 .text.FLASH_ITConfig
                0x00000000       0x54 ..\obj\stm32f10x_flash.o
 .text.FLASH_GetFlagStatus
                0x00000000       0x64 ..\obj\stm32f10x_flash.o
 .text.FLASH_ClearFlag
                0x00000000       0x20 ..\obj\stm32f10x_flash.o
 .text.FLASH_GetStatus
                0x00000000       0x70 ..\obj\stm32f10x_flash.o
 .text.FLASH_GetBank1Status
                0x00000000       0x70 ..\obj\stm32f10x_flash.o
 .text.FLASH_WaitForLastOperation
                0x00000000       0x4c ..\obj\stm32f10x_flash.o
 .text.FLASH_WaitForLastBank1Operation
                0x00000000       0x4c ..\obj\stm32f10x_flash.o
 .text          0x00000000        0x0 ..\obj\stm32f10x_it.o
 .data          0x00000000        0x0 ..\obj\stm32f10x_it.o
 .bss           0x00000000        0x0 ..\obj\stm32f10x_it.o
 .text.DebugMonitor
                0x00000000        0xc ..\obj\stm32f10x_it.o
 .text.SVCHandler
                0x00000000        0xc ..\obj\stm32f10x_it.o
 .text.PendSVC  0x00000000        0xc ..\obj\stm32f10x_it.o
 .text.DMAChannel1_IRQHandler
                0x00000000        0xc ..\obj\stm32f10x_it.o
 .text.DMAChannel2_IRQHandler
                0x00000000        0xc ..\obj\stm32f10x_it.o
 .text.DMAChannel3_IRQHandler
                0x00000000        0xc ..\obj\stm32f10x_it.o
 .text.DMAChannel4_IRQHandler
                0x00000000        0xc ..\obj\stm32f10x_it.o
 .text.DMAChannel5_IRQHandler
                0x00000000        0xc ..\obj\stm32f10x_it.o
 .text.DMAChannel6_IRQHandler
                0x00000000        0xc ..\obj\stm32f10x_it.o
 .text.DMAChannel7_IRQHandler
                0x00000000        0xc ..\obj\stm32f10x_it.o
 .text.ADC_IRQHandler
                0x00000000        0xc ..\obj\stm32f10x_it.o
 .text.USB_HP_CAN1_TX_IRQHandler
                0x00000000        0xc ..\obj\stm32f10x_it.o
 .text.CAN_RX1_IRQHandler
                0x00000000        0xc ..\obj\stm32f10x_it.o
 .text.CAN_SCE_IRQHandler
                0x00000000        0xc ..\obj\stm32f10x_it.o
 .text.TIM1_BRK_IRQHandler
                0x00000000        0xc ..\obj\stm32f10x_it.o
 .text.TIM1_UP_IRQHandler
                0x00000000        0xc ..\obj\stm32f10x_it.o
 .text.TIM1_TRG_COM_IRQHandler
                0x00000000        0xc ..\obj\stm32f10x_it.o
 .text.UART4_IRQHandler
                0x00000000        0xc ..\obj\stm32f10x_it.o
 .text.USBWakeUp_IRQHandler
                0x00000000        0xc ..\obj\stm32f10x_it.o
 .text          0x00000000        0x0 ..\obj\misc.o
 .data          0x00000000        0x0 ..\obj\misc.o
 .bss           0x00000000        0x0 ..\obj\misc.o
 .text.NVIC_PriorityGroupConfig
                0x00000000       0x28 ..\obj\misc.o
 .text.NVIC_Init
                0x00000000       0xe8 ..\obj\misc.o
 .text.NVIC_SetVectorTable
                0x00000000       0x2c ..\obj\misc.o
 .text.NVIC_SystemLPConfig
                0x00000000       0x54 ..\obj\misc.o
 .text.SysTick_CLKSourceConfig
                0x00000000       0x4c ..\obj\misc.o
 .debug_info    0x00000000      0x592 ..\obj\misc.o
 .debug_abbrev  0x00000000      0x129 ..\obj\misc.o
 .debug_loc     0x00000000      0x118 ..\obj\misc.o
 .debug_aranges
                0x00000000       0x40 ..\obj\misc.o
 .debug_ranges  0x00000000       0x30 ..\obj\misc.o
 .debug_line    0x00000000      0x1d1 ..\obj\misc.o
 .debug_str     0x00000000      0x348 ..\obj\misc.o
 .comment       0x00000000       0x6b ..\obj\misc.o
 .ARM.attributes
                0x00000000       0x33 ..\obj\misc.o
 .debug_frame   0x00000000       0x9c ..\obj\misc.o

Memory Configuration

Name             Origin             Length             Attributes
rom              0x08000000         0x00020000         xr
ram              0x20000000         0x00002000         xrw
*default*        0x00000000         0xffffffff

Linker script and memory map

                0x20002000                _eram = 0x20002000

.text           0x08000000      0xff4
 *(.isr_vector)
 .isr_vector    0x08000000      0x124 ..\obj\startup_stm32f10x_md_vl.o
                0x08000000                g_pfnVectors
 *(.text*)
 .text.TIM_GetITStatus
                0x08000124       0x60 ..\obj\stm32f10x_tim.o
                0x08000124                TIM_GetITStatus
 .text.TIM_ClearITPendingBit
                0x08000184       0x24 ..\obj\stm32f10x_tim.o
                0x08000184                TIM_ClearITPendingBit
 .text.Default_Reset_Handler
                0x080001a8       0x6c ..\obj\startup_stm32f10x_md_vl.o
                0x080001a8                Default_Reset_Handler
                0x080001a8                Reset_Handler
 .text.Default_Handler
                0x08000214        0x8 ..\obj\startup_stm32f10x_md_vl.o
                0x08000214                EXTI2_IRQHandler
                0x08000214                DebugMon_Handler
                0x08000214                PendSV_Handler
                0x08000214                TIM1_UP_TIM16_IRQHandler
                0x08000214                TIM6_DAC_IRQHandler
                0x08000214                DMA1_Channel4_IRQHandler
                0x08000214                ADC1_IRQHandler
                0x08000214                DMA1_Channel7_IRQHandler
                0x08000214                DMA1_Channel6_IRQHandler
                0x08000214                DMA1_Channel1_IRQHandler
                0x08000214                CEC_IRQHandler
                0x08000214                TIM7_IRQHandler
                0x08000214                EXTI9_5_IRQHandler
                0x08000214                SVC_Handler
                0x08000214                DMA1_Channel5_IRQHandler
                0x08000214                EXTI4_IRQHandler
                0x08000214                TIM1_TRG_COM_TIM17_IRQHandler
                0x08000214                DMA1_Channel3_IRQHandler
                0x08000214                DMA1_Channel2_IRQHandler
                0x08000214                USART1_IRQHandler
                0x08000214                TIM1_BRK_TIM15_IRQHandler
 .text.SystemInit
                0x0800021c       0xb8 ..\obj\system_stm32f10x.o
                0x0800021c                SystemInit
 .text.SetSysClock
                0x080002d4        0xc ..\obj\system_stm32f10x.o
 .text.SetSysClockTo24
                0x080002e0      0x15c ..\obj\system_stm32f10x.o
 .text.GPIO_Init
                0x0800043c      0x1b0 ..\obj\stm32f10x_gpio.o
                0x0800043c                GPIO_Init
 .text.GPIO_SetBits
                0x080005ec       0x1c ..\obj\stm32f10x_gpio.o
                0x080005ec                GPIO_SetBits
 .text.GPIO_ResetBits
                0x08000608       0x1c ..\obj\stm32f10x_gpio.o
                0x08000608                GPIO_ResetBits
 .text.main     0x08000624       0x3c ..\obj\main.o
                0x08000624                main
 .text.NVIC_SetPriority
                0x08000660       0x5c ..\obj\system.o
 .text.SysTick_Config
                0x080006bc       0x64 ..\obj\system.o
 .text.PeripheralInit
                0x08000720       0x14 ..\obj\system.o
                0x08000720                PeripheralInit
 .text.RccInit  0x08000734       0xa8 ..\obj\system.o
                0x08000734                RccInit
 .text.GPIOInit
                0x080007dc       0x34 ..\obj\system.o
                0x080007dc                GPIOInit
 .text.NvicInit
                0x08000810        0xc ..\obj\system.o
                0x08000810                NvicInit
 .text.TimingDelay_Decrement
                0x0800081c       0x30 ..\obj\Delay.o
                0x0800081c                TimingDelay_Decrement
 .text.Delay_ms
                0x0800084c       0x30 ..\obj\Delay.o
                0x0800084c                Delay_ms
 .text.IncreaseMillis
                0x0800087c       0x24 ..\obj\Delay.o
                0x0800087c                IncreaseMillis
 .text.RCC_HSEConfig
                0x080008a0       0x88 ..\obj\stm32f10x_rcc.o
                0x080008a0                RCC_HSEConfig
 .text.RCC_WaitForHSEStartUp
                0x08000928       0x64 ..\obj\stm32f10x_rcc.o
                0x08000928                RCC_WaitForHSEStartUp
 .text.RCC_PLLConfig
                0x0800098c       0x48 ..\obj\stm32f10x_rcc.o
                0x0800098c                RCC_PLLConfig
 .text.RCC_PLLCmd
                0x080009d4       0x20 ..\obj\stm32f10x_rcc.o
                0x080009d4                RCC_PLLCmd
 .text.RCC_SYSCLKConfig
                0x080009f4       0x40 ..\obj\stm32f10x_rcc.o
                0x080009f4                RCC_SYSCLKConfig
 .text.RCC_GetSYSCLKSource
                0x08000a34       0x20 ..\obj\stm32f10x_rcc.o
                0x08000a34                RCC_GetSYSCLKSource
 .text.RCC_HCLKConfig
                0x08000a54       0x40 ..\obj\stm32f10x_rcc.o
                0x08000a54                RCC_HCLKConfig
 .text.RCC_PCLK1Config
                0x08000a94       0x40 ..\obj\stm32f10x_rcc.o
                0x08000a94                RCC_PCLK1Config
 .text.RCC_PCLK2Config
                0x08000ad4       0x44 ..\obj\stm32f10x_rcc.o
                0x08000ad4                RCC_PCLK2Config
 .text.RCC_GetClocksFreq
                0x08000b18      0x1cc ..\obj\stm32f10x_rcc.o
                0x08000b18                RCC_GetClocksFreq
 .text.RCC_APB2PeriphClockCmd
                0x08000ce4       0x54 ..\obj\stm32f10x_rcc.o
                0x08000ce4                RCC_APB2PeriphClockCmd
 .text.RCC_GetFlagStatus
                0x08000d38       0x90 ..\obj\stm32f10x_rcc.o
                0x08000d38                RCC_GetFlagStatus
 .text.FLASH_SetLatency
                0x08000dc8       0x40 ..\obj\stm32f10x_flash.o
                0x08000dc8                FLASH_SetLatency
 .text.FLASH_PrefetchBufferCmd
                0x08000e08       0x44 ..\obj\stm32f10x_flash.o
                0x08000e08                FLASH_PrefetchBufferCmd
 .text.NMI_Handler
                0x08000e4c        0xc ..\obj\stm32f10x_it.o
                0x08000e4c                NMI_Handler
 .text.HardFault_Handler
                0x08000e58        0x8 ..\obj\stm32f10x_it.o
                0x08000e58                HardFault_Handler
 .text.MemManage_Handler
                0x08000e60        0x8 ..\obj\stm32f10x_it.o
                0x08000e60                MemManage_Handler
 .text.BusFault_Handler
                0x08000e68        0x8 ..\obj\stm32f10x_it.o
                0x08000e68                BusFault_Handler
 .text.UsageFault_Handler
                0x08000e70        0x8 ..\obj\stm32f10x_it.o
                0x08000e70                UsageFault_Handler
 .text.SysTick_Handler
                0x08000e78       0x10 ..\obj\stm32f10x_it.o
                0x08000e78                SysTick_Handler
 .text.WWDG_IRQHandler
                0x08000e88        0xc ..\obj\stm32f10x_it.o
                0x08000e88                WWDG_IRQHandler
 .text.PVD_IRQHandler
                0x08000e94        0xc ..\obj\stm32f10x_it.o
                0x08000e94                PVD_IRQHandler
 .text.TAMPER_IRQHandler
                0x08000ea0        0xc ..\obj\stm32f10x_it.o
                0x08000ea0                TAMPER_IRQHandler
 .text.RTC_IRQHandler
                0x08000eac        0xc ..\obj\stm32f10x_it.o
                0x08000eac                RTC_IRQHandler
 .text.FLASH_IRQHandler
                0x08000eb8        0xc ..\obj\stm32f10x_it.o
                0x08000eb8                FLASH_IRQHandler
 .text.RCC_IRQHandler
                0x08000ec4        0xc ..\obj\stm32f10x_it.o
                0x08000ec4                RCC_IRQHandler
 .text.EXTI0_IRQHandler
                0x08000ed0        0xc ..\obj\stm32f10x_it.o
                0x08000ed0                EXTI0_IRQHandler
 .text.EXTI1_IRQHandler
                0x08000edc        0xc ..\obj\stm32f10x_it.o
                0x08000edc                EXTI1_IRQHandler
 .text.EXTI3_IRQHandler
                0x08000ee8        0xc ..\obj\stm32f10x_it.o
                0x08000ee8                EXTI3_IRQHandler
 .text.TIM1_CC_IRQHandler
                0x08000ef4        0xc ..\obj\stm32f10x_it.o
                0x08000ef4                TIM1_CC_IRQHandler
 .text.TIM2_IRQHandler
                0x08000f00       0x24 ..\obj\stm32f10x_it.o
                0x08000f00                TIM2_IRQHandler
 .text.TIM3_IRQHandler
                0x08000f24       0x2c ..\obj\stm32f10x_it.o
                0x08000f24                TIM3_IRQHandler
 .text.TIM4_IRQHandler
                0x08000f50       0x2c ..\obj\stm32f10x_it.o
                0x08000f50                TIM4_IRQHandler
 .text.I2C1_EV_IRQHandler
                0x08000f7c        0xc ..\obj\stm32f10x_it.o
                0x08000f7c                I2C1_EV_IRQHandler
 .text.I2C1_ER_IRQHandler
                0x08000f88        0xc ..\obj\stm32f10x_it.o
                0x08000f88                I2C1_ER_IRQHandler
 .text.I2C2_EV_IRQHandler
                0x08000f94        0xc ..\obj\stm32f10x_it.o
                0x08000f94                I2C2_EV_IRQHandler
 .text.I2C2_ER_IRQHandler
                0x08000fa0        0xc ..\obj\stm32f10x_it.o
                0x08000fa0                I2C2_ER_IRQHandler
 .text.SPI1_IRQHandler
                0x08000fac        0xc ..\obj\stm32f10x_it.o
                0x08000fac                SPI1_IRQHandler
 .text.SPI2_IRQHandler
                0x08000fb8        0xc ..\obj\stm32f10x_it.o
                0x08000fb8                SPI2_IRQHandler
 .text.USART2_IRQHandler
                0x08000fc4        0xc ..\obj\stm32f10x_it.o
                0x08000fc4                USART2_IRQHandler
 .text.USART3_IRQHandler
                0x08000fd0        0xc ..\obj\stm32f10x_it.o
                0x08000fd0                USART3_IRQHandler
 .text.EXTI15_10_IRQHandler
                0x08000fdc        0xc ..\obj\stm32f10x_it.o
                0x08000fdc                EXTI15_10_IRQHandler
 .text.RTCAlarm_IRQHandler
                0x08000fe8        0xc ..\obj\stm32f10x_it.o
                0x08000fe8                RTCAlarm_IRQHandler
 *(.init)
 *(.fini)
 *crtbegin.o(.ctors)
 *crtbegin?.o(.ctors)
 *(EXCLUDE_FILE(*crtend.o *crtend?.o) .ctors)
 *(SORT(.ctors.*))
 *(.ctors)
 *crtbegin.o(.dtors)
 *crtbegin?.o(.dtors)
 *(EXCLUDE_FILE(*crtend.o *crtend?.o) .dtors)
 *(SORT(.dtors.*))
 *(.dtors)
 *(.rodata*)
 *(.eh_fram e*)

.glue_7         0x08000ff4        0x0
 .glue_7        0x00000000        0x0 linker stubs

.glue_7t        0x08000ff4        0x0
 .glue_7t       0x00000000        0x0 linker stubs

.vfp11_veneer   0x08000ff4        0x0
 .vfp11_veneer  0x00000000        0x0 linker stubs

.v4_bx          0x08000ff4        0x0
 .v4_bx         0x00000000        0x0 linker stubs

.iplt           0x08000ff4        0x0
 .iplt          0x00000000        0x0 ..\obj\stm32f10x_tim.o

.rel.dyn        0x08000ff4        0x0
 .rel.iplt      0x00000000        0x0 ..\obj\stm32f10x_tim.o

.ARM.extab
 *(.ARM.extab* .gnu.linkonce.armextab.*)
                0x08000ff4                __exidx_start = .

.ARM.exidx
 *(.ARM.exidx* .gnu.linkonce.armexidx.*)
                0x08000ff4                __exidx_end = .
                0x08000ff4                __etext = .
                0x08000ff4                _sidata = __etext

.data           0x20000000       0x14 load address 0x08000ff4
                0x20000000                __data_start__ = .
                0x20000000                _sdata = __data_start__
 *(vtable)
 *(.data*)
 .data          0x20000000       0x14 ..\obj\stm32f10x_rcc.o
                0x20000014                . = ALIGN (0x4)
                0x20000014                PROVIDE (__preinit_array_start, .)
 *(.preinit_array)
                0x20000014                PROVIDE (__preinit_array_end, .)
                0x20000014                . = ALIGN (0x4)
                0x20000014                PROVIDE (__init_array_start, .)
 *(SORT(.init_array.*))
 *(.init_array)
                0x20000014                PROVIDE (__init_array_end, .)
                0x20000014                . = ALIGN (0x4)
                0x20000014                PROVIDE (__fini_array_start, .)
 *(SORT(.fini_array.*))
 *(.fini_array)
                0x20000014                PROVIDE (__fini_array_end, .)
 *(.jcr*)
                0x20000014                . = ALIGN (0x4)
                0x20000014                __data_end__ = .
                0x20000014                _edata = __data_end__

.igot.plt       0x20000014        0x0 load address 0x08001008
 .igot.plt      0x00000000        0x0 ..\obj\stm32f10x_tim.o

.bss            0x20000014       0x1c load address 0x08001008
                0x20000014                . = ALIGN (0x4)
                0x20000014                __bss_start__ = .
                0x20000014                _sbss = __bss_start__
 *(.bss*)
 .bss           0x20000014        0x4 ..\obj\Delay.o
                0x20000014                MillisCounter
 *(COMMON)
 COMMON         0x20000018       0x14 ..\obj\system.o
                0x20000018                RCC_Clocks
 COMMON         0x2000002c        0x4 ..\obj\Delay.o
                0x2000002c                TimingDelay
                0x20000030                . = ALIGN (0x4)
                0x20000030                __bss_end__ = .
                0x20000030                _ebss = __bss_end__

.heap           0x20000030        0x0
                0x20000030                __end__ = .
                0x20000030                _end = __end__
                0x20000030                end = __end__
 *(.heap*)
                0x20000030                __HeapLimit = .

.co_stack       0x20000030      0x400 load address 0x08001024
                0x20000030                . = ALIGN (0x8)
 *(.co_stack .co_stack.*)
 .co_stack      0x20000030      0x400 ..\obj\startup_stm32f10x_md_vl.o
                0x20000030                pulStack
                0x20002000                __StackTop = (ORIGIN (ram) + 0x2000)
                0x20001c00                __StackLimit = (__StackTop - SIZEOF (.co_stack))
                0x20002000                PROVIDE (__stack, __StackTop)
                0x00000001                ASSERT ((__StackLimit >= __HeapLimit), region ram  overflowed with stack)
LOAD ..\obj\stm32f10x_tim.o
LOAD ..\obj\startup_stm32f10x_md_vl.o
LOAD ..\obj\system_stm32f10x.o
LOAD ..\obj\stm32f10x_gpio.o
LOAD ..\obj\main.o
LOAD ..\obj\system.o
LOAD ..\obj\Delay.o
LOAD ..\obj\stm32f10x_rcc.o
LOAD ..\obj\stm32f10x_exti.o
LOAD ..\obj\syscalls.o
LOAD ..\obj\stm32f10x_flash.o
LOAD ..\obj\stm32f10x_it.o
LOAD ..\obj\misc.o
START GROUP
LOAD c:/coocox/coide/bleedingedge/bin/../lib/gcc/arm-none-eabi/4.7.4/armv7-m\libgcc.a
LOAD c:/coocox/coide/bleedingedge/bin/../lib/gcc/arm-none-eabi/4.7.4/../../../../arm-none-eabi/lib/armv7-m\libg.a
LOAD c:/coocox/coide/bleedingedge/bin/../lib/gcc/arm-none-eabi/4.7.4/../../../../arm-none-eabi/lib/armv7-m\libc.a
END GROUP
OUTPUT(Sample.elf elf32-littlearm)

.debug_info     0x00000000     0x524b
 .debug_info    0x00000000     0x1e77 ..\obj\stm32f10x_tim.o
 .debug_info    0x00001e77       0xff ..\obj\startup_stm32f10x_md_vl.o
 .debug_info    0x00001f76      0x44b ..\obj\system_stm32f10x.o
 .debug_info    0x000023c1      0x739 ..\obj\stm32f10x_gpio.o
 .debug_info    0x00002afa      0x145 ..\obj\main.o
 .debug_info    0x00002c3f      0x82f ..\obj\system.o
 .debug_info    0x0000346e      0x496 ..\obj\Delay.o
 .debug_info    0x00003904      0x99b ..\obj\stm32f10x_rcc.o
 .debug_info    0x0000429f      0x839 ..\obj\stm32f10x_flash.o
 .debug_info    0x00004ad8      0x773 ..\obj\stm32f10x_it.o

.debug_abbrev   0x00000000      0xdb5
 .debug_abbrev  0x00000000      0x1b2 ..\obj\stm32f10x_tim.o
 .debug_abbrev  0x000001b2       0xa9 ..\obj\startup_stm32f10x_md_vl.o
 .debug_abbrev  0x0000025b      0x14e ..\obj\system_stm32f10x.o
 .debug_abbrev  0x000003a9      0x1ca ..\obj\stm32f10x_gpio.o
 .debug_abbrev  0x00000573       0xa1 ..\obj\main.o
 .debug_abbrev  0x00000614      0x1ce ..\obj\system.o
 .debug_abbrev  0x000007e2      0x184 ..\obj\Delay.o
 .debug_abbrev  0x00000966      0x1bc ..\obj\stm32f10x_rcc.o
 .debug_abbrev  0x00000b22      0x18d ..\obj\stm32f10x_flash.o
 .debug_abbrev  0x00000caf      0x106 ..\obj\stm32f10x_it.o

.debug_loc      0x00000000     0x30e0
 .debug_loc     0x00000000     0x13e8 ..\obj\stm32f10x_tim.o
 .debug_loc     0x000013e8       0x64 ..\obj\startup_stm32f10x_md_vl.o
 .debug_loc     0x0000144c       0xc8 ..\obj\system_stm32f10x.o
 .debug_loc     0x00001514      0x3e4 ..\obj\stm32f10x_gpio.o
 .debug_loc     0x000018f8       0x2c ..\obj\main.o
 .debug_loc     0x00001924      0x164 ..\obj\system.o
 .debug_loc     0x00001a88      0x12c ..\obj\Delay.o
 .debug_loc     0x00001bb4      0x714 ..\obj\stm32f10x_rcc.o
 .debug_loc     0x000022c8      0x5d8 ..\obj\stm32f10x_flash.o
 .debug_loc     0x000028a0      0x840 ..\obj\stm32f10x_it.o

.debug_aranges  0x00000000      0x860
 .debug_aranges
                0x00000000      0x2f0 ..\obj\stm32f10x_tim.o
 .debug_aranges
                0x000002f0       0x28 ..\obj\startup_stm32f10x_md_vl.o
 .debug_aranges
                0x00000318       0x38 ..\obj\system_stm32f10x.o
 .debug_aranges
                0x00000350       0xa8 ..\obj\stm32f10x_gpio.o
 .debug_aranges
                0x000003f8       0x20 ..\obj\main.o
 .debug_aranges
                0x00000418       0x50 ..\obj\system.o
 .debug_aranges
                0x00000468       0x48 ..\obj\Delay.o
 .debug_aranges
                0x000004b0      0x120 ..\obj\stm32f10x_rcc.o
 .debug_aranges
                0x000005d0       0xf8 ..\obj\stm32f10x_flash.o
 .debug_aranges
                0x000006c8      0x198 ..\obj\stm32f10x_it.o

.debug_ranges   0x00000000      0x7c0
 .debug_ranges  0x00000000      0x2e0 ..\obj\stm32f10x_tim.o
 .debug_ranges  0x000002e0       0x18 ..\obj\startup_stm32f10x_md_vl.o
 .debug_ranges  0x000002f8       0x28 ..\obj\system_stm32f10x.o
 .debug_ranges  0x00000320       0x98 ..\obj\stm32f10x_gpio.o
 .debug_ranges  0x000003b8       0x10 ..\obj\main.o
 .debug_ranges  0x000003c8       0x40 ..\obj\system.o
 .debug_ranges  0x00000408       0x38 ..\obj\Delay.o
 .debug_ranges  0x00000440      0x110 ..\obj\stm32f10x_rcc.o
 .debug_ranges  0x00000550       0xe8 ..\obj\stm32f10x_flash.o
 .debug_ranges  0x00000638      0x188 ..\obj\stm32f10x_it.o

.debug_line     0x00000000     0x2263
 .debug_line    0x00000000      0xa22 ..\obj\stm32f10x_tim.o
 .debug_line    0x00000a22       0xa0 ..\obj\startup_stm32f10x_md_vl.o
 .debug_line    0x00000ac2      0x1af ..\obj\system_stm32f10x.o
 .debug_line    0x00000c71      0x33c ..\obj\stm32f10x_gpio.o
 .debug_line    0x00000fad      0x14a ..\obj\main.o
 .debug_line    0x000010f7      0x230 ..\obj\system.o
 .debug_line    0x00001327      0x205 ..\obj\Delay.o
 .debug_line    0x0000152c      0x45a ..\obj\stm32f10x_rcc.o
 .debug_line    0x00001986      0x466 ..\obj\stm32f10x_flash.o
 .debug_line    0x00001dec      0x477 ..\obj\stm32f10x_it.o

.debug_str      0x00000000     0x2278
 .debug_str     0x00000000      0xcb3 ..\obj\stm32f10x_tim.o
                                0xd5c (size before relaxing)
 .debug_str     0x00000cb3       0xae ..\obj\startup_stm32f10x_md_vl.o
                                 0xeb (size before relaxing)
 .debug_str     0x00000d61      0x15d ..\obj\system_stm32f10x.o
                                0x259 (size before relaxing)
 .debug_str     0x00000ebe      0x379 ..\obj\stm32f10x_gpio.o
                                0x498 (size before relaxing)
 .debug_str     0x00001237       0x2c ..\obj\main.o
                                0x119 (size before relaxing)
 .debug_str     0x00001263      0x418 ..\obj\system.o
                                0x6cd (size before relaxing)
 .debug_str     0x0000167b       0xac ..\obj\Delay.o
                                0x320 (size before relaxing)
 .debug_str     0x00001727      0x390 ..\obj\stm32f10x_rcc.o
                                0x5ec (size before relaxing)
 .debug_str     0x00001ab7      0x426 ..\obj\stm32f10x_flash.o
                                0x567 (size before relaxing)
 .debug_str     0x00001edd      0x39b ..\obj\stm32f10x_it.o
                                0x58e (size before relaxing)

.comment        0x00000000       0x6a
 .comment       0x00000000       0x6a ..\obj\stm32f10x_tim.o
                                 0x6b (size before relaxing)
 .comment       0x00000000       0x6b ..\obj\startup_stm32f10x_md_vl.o
 .comment       0x00000000       0x6b ..\obj\system_stm32f10x.o
 .comment       0x00000000       0x6b ..\obj\stm32f10x_gpio.o
 .comment       0x00000000       0x6b ..\obj\main.o
 .comment       0x00000000       0x6b ..\obj\system.o
 .comment       0x00000000       0x6b ..\obj\Delay.o
 .comment       0x00000000       0x6b ..\obj\stm32f10x_rcc.o
 .comment       0x00000000       0x6b ..\obj\stm32f10x_flash.o
 .comment       0x00000000       0x6b ..\obj\stm32f10x_it.o

.ARM.attributes
                0x00000000       0x33
 .ARM.attributes
                0x00000000       0x33 ..\obj\stm32f10x_tim.o
 .ARM.attributes
                0x00000033       0x33 ..\obj\startup_stm32f10x_md_vl.o
 .ARM.attributes
                0x00000066       0x33 ..\obj\system_stm32f10x.o
 .ARM.attributes
                0x00000099       0x33 ..\obj\stm32f10x_gpio.o
 .ARM.attributes
                0x000000cc       0x33 ..\obj\main.o
 .ARM.attributes
                0x000000ff       0x33 ..\obj\system.o
 .ARM.attributes
                0x00000132       0x33 ..\obj\Delay.o
 .ARM.attributes
                0x00000165       0x33 ..\obj\stm32f10x_rcc.o
 .ARM.attributes
                0x00000198       0x33 ..\obj\stm32f10x_flash.o
 .ARM.attributes
                0x000001cb       0x33 ..\obj\stm32f10x_it.o

.debug_frame    0x00000000     0x1a2c
 .debug_frame   0x00000000      0xa20 ..\obj\stm32f10x_tim.o
 .debug_frame   0x00000a20       0x48 ..\obj\startup_stm32f10x_md_vl.o
 .debug_frame   0x00000a68       0x80 ..\obj\system_stm32f10x.o
 .debug_frame   0x00000ae8      0x210 ..\obj\stm32f10x_gpio.o
 .debug_frame   0x00000cf8       0x2c ..\obj\main.o
 .debug_frame   0x00000d24       0xd8 ..\obj\system.o
 .debug_frame   0x00000dfc       0xb4 ..\obj\Delay.o
 .debug_frame   0x00000eb0      0x3a4 ..\obj\stm32f10x_rcc.o
 .debug_frame   0x00001254      0x338 ..\obj\stm32f10x_flash.o
 .debug_frame   0x0000158c      0x4a0 ..\obj\stm32f10x_it.o
